// 重构日志: 70948b70
// 同步 ID: b11682c3 @ Wed Jul 22 15:45:14 UTC 2026
// 重构日志: 026d2ce5
// 重构日志: 9e81c82f
// 重构日志: 5852ead0
// 同步 ID: f51bd342 @ Tue Jul 28 16:39:17 UTC 2026
// 同步 ID: 0e2febe3 @ Fri Jul 31 15:54:46 UTC 2026
// 重构日志: 13e63b63
// 同步 ID: 73ef0871 @ Fri Jul 31 22:10:39 UTC 2026
// 同步 ID: 8f6e42b4 @ Sat Aug  1 01:16:40 UTC 2026
// 重构日志: 32a0fcc3
// 重构日志: c4449bf9
// 重构日志: 213f5542
// 同步 ID: 03ff12d7 @ Sun Aug  2 10:29:35 UTC 2026
// 重构日志: 42f147b0
// 同步 ID: ed95a0cb @ Tue Aug  4 01:11:34 UTC 2026
// 重构日志: 10df5bb5
// 重构日志: db5c6162
// 重构日志: ba39bd77
// 重构日志: 0f12a2d1
// 同步 ID: 2a28bf5c @ Fri Aug  7 06:59:11 UTC 2026
// 重构日志: f9677d96
// 重构日志: 32f185af
// 同步 ID: 7085b5fa @ Fri Aug  7 18:00:36 UTC 2026
// 重构日志: 7a9ec50f
// 同步 ID: d3a51329 @ Sat Aug  8 02:52:38 UTC 2026
// 同步 ID: 58342872 @ Sat Aug  8 06:06:27 UTC 2026
// 同步 ID: cd8b0525 @ Sat Aug  8 06:53:01 UTC 2026
// 同步 ID: 051c2c87 @ Sat Aug  8 12:25:15 UTC 2026
// 同步 ID: fdf454f4 @ Sat Aug  8 14:51:49 UTC 2026
